// Jest Snapshot v1, https://goo.gl/fbAQLP

exports[`Should be able to render optionals for non-required fields and should log expected output to console 1`] = `
Array [
  "public class Root {
  private String email;

  public Optional<String> getEmail() { return ofNullable(this.email); }
  public void setEmail(String email) { this.email = email; }
}",
]
`;
